// Jest Snapshot v1, https://goo.gl/fbAQLP

exports[`Rendering works 2`] = `
<span
  data-bangle-attrs="{"emojiAlias":"horse"}"
  data-bangle-name="emoji"
  draggable="true"
>
  horse
</span>
`;
