// Jest Snapshot v1, https://goo.gl/fbAQLP

exports[`Inline node banana Inits banana 1`] = `"<h1>Wow</h1><p>Child <span data-bangle-name=\\"banana\\" data-bangle-attrs=\\"{&quot;ripe&quot;:&quot;fresh&quot;,&quot;color&quot;:&quot;yellow&quot;}\\"></span></p>"`;
